2026-05-26 12:24:23,092 INFO o.a.j.u.JMeterUtils: Setting Locale to en_EN
2026-05-26 12:24:23,152 INFO o.a.j.JMeter: Loading user properties from: C:\Users\Dell\Downloads\apache-jmeter-5.6.3\bin\user.properties
2026-05-26 12:24:23,154 INFO o.a.j.JMeter: Loading system properties from: C:\Users\Dell\Downloads\apache-jmeter-5.6.3\bin\system.properties
2026-05-26 12:24:23,155 INFO o.a.j.JMeter: Copyright (c) 1998-2024 The Apache Software Foundation
2026-05-26 12:24:23,155 INFO o.a.j.JMeter: Version 5.6.3
2026-05-26 12:24:23,155 INFO o.a.j.JMeter: java.version=17.0.12
2026-05-26 12:24:23,155 INFO o.a.j.JMeter: java.vm.name=Java HotSpot(TM) 64-Bit Server VM
2026-05-26 12:24:23,155 INFO o.a.j.JMeter: os.name=Windows 10
2026-05-26 12:24:23,155 INFO o.a.j.JMeter: os.arch=amd64
2026-05-26 12:24:23,155 INFO o.a.j.JMeter: os.version=10.0
2026-05-26 12:24:23,155 INFO o.a.j.JMeter: file.encoding=Cp1252
2026-05-26 12:24:23,155 INFO o.a.j.JMeter: java.awt.headless=true
2026-05-26 12:24:23,155 INFO o.a.j.JMeter: Max memory     =1073741824
2026-05-26 12:24:23,170 INFO o.a.j.JMeter: Available Processors =4
2026-05-26 12:24:23,170 INFO o.a.j.JMeter: Default Locale=English (EN)
2026-05-26 12:24:23,170 INFO o.a.j.JMeter: JMeter  Locale=English (EN)
2026-05-26 12:24:23,170 INFO o.a.j.JMeter: JMeterHome=C:\Users\Dell\Downloads\apache-jmeter-5.6.3
2026-05-26 12:24:23,170 INFO o.a.j.JMeter: user.dir  =G:\PROJECTS\Capstone_Project-AIVS
2026-05-26 12:24:23,186 INFO o.a.j.JMeter: PWD       =G:\PROJECTS\Capstone_Project-AIVS
2026-05-26 12:24:32,327 INFO o.a.j.JMeter: IP: 169.254.131.25 Name: DESKTOP-5VKIGDJ FullName: DESKTOP-5VKIGDJ
2026-05-26 12:24:32,342 INFO o.a.j.JMeter: Setting property 'jmeter.reportgenerator.outputdir' to:'G:\PROJECTS\Capstone_Project-AIVS\jmeter\html-report'
2026-05-26 12:24:32,342 INFO o.a.j.s.FileServer: Default base='G:\PROJECTS\Capstone_Project-AIVS'
2026-05-26 12:24:32,358 INFO o.a.j.s.FileServer: Set new base='G:\PROJECTS\Capstone_Project-AIVS\jmeter\test-plans'
2026-05-26 12:24:32,849 INFO o.a.j.s.SaveService: Testplan (JMX) version: 2.2. Testlog (JTL) version: 2.2
2026-05-26 12:24:32,889 INFO o.a.j.s.SaveService: Using SaveService properties version 5.0
2026-05-26 12:24:32,905 INFO o.a.j.s.SaveService: Using SaveService properties file encoding UTF-8
2026-05-26 12:24:32,905 INFO o.a.j.s.SaveService: Loading file: G:\PROJECTS\Capstone_Project-AIVS\jmeter\test-plans\notes_load_test.jmx
2026-05-26 12:24:33,013 INFO o.a.j.p.h.s.HTTPSamplerBase: Parser for text/html is org.apache.jmeter.protocol.http.parser.LagartoBasedHtmlParser
2026-05-26 12:24:33,013 INFO o.a.j.p.h.s.HTTPSamplerBase: Parser for application/xhtml+xml is org.apache.jmeter.protocol.http.parser.LagartoBasedHtmlParser
2026-05-26 12:24:33,013 INFO o.a.j.p.h.s.HTTPSamplerBase: Parser for application/xml is org.apache.jmeter.protocol.http.parser.LagartoBasedHtmlParser
2026-05-26 12:24:33,013 INFO o.a.j.p.h.s.HTTPSamplerBase: Parser for text/xml is org.apache.jmeter.protocol.http.parser.LagartoBasedHtmlParser
2026-05-26 12:24:33,013 INFO o.a.j.p.h.s.HTTPSamplerBase: Parser for text/vnd.wap.wml is org.apache.jmeter.protocol.http.parser.RegexpHTMLParser
2026-05-26 12:24:33,013 INFO o.a.j.p.h.s.HTTPSamplerBase: Parser for text/css is org.apache.jmeter.protocol.http.parser.CssParser
2026-05-26 12:24:33,092 INFO o.a.j.JMeter: Creating summariser <summary>
2026-05-26 12:24:33,092 INFO o.a.j.r.d.ReportGenerator: ReportGenerator will use for Parsing the separator: ','
2026-05-26 12:24:33,092 INFO o.a.j.r.d.ReportGenerator: Will generate report at end of test from  results file: G:\PROJECTS\Capstone_Project-AIVS\jmeter\results\result.jtl
2026-05-26 12:24:33,092 INFO o.a.j.r.d.ReportGenerator: Reading report generator properties from: C:\Users\Dell\Downloads\apache-jmeter-5.6.3\bin\reportgenerator.properties
2026-05-26 12:24:33,112 INFO o.a.j.r.d.ReportGenerator: Merging with JMeter properties
2026-05-26 12:24:33,119 INFO o.a.j.r.c.ReportGeneratorConfiguration: Property 'jmeter.reportgenerator.temp_dir' not found, using default value 'temp' instead.
2026-05-26 12:24:33,125 INFO o.a.j.r.c.ReportGeneratorConfiguration: Property 'jmeter.reportgenerator.apdex_per_transaction' not found, using default value 'null' instead.
2026-05-26 12:24:33,126 INFO o.a.j.r.c.ReportGeneratorConfiguration: apdex_per_transaction is empty, not APDEX per transaction customization
2026-05-26 12:24:33,126 INFO o.a.j.r.c.ReportGeneratorConfiguration: Property 'jmeter.reportgenerator.sample_filter' not found, using default value 'null' instead.
2026-05-26 12:24:33,126 INFO o.a.j.r.c.ReportGeneratorConfiguration: Property 'jmeter.reportgenerator.report_title' not found, using default value 'null' instead.
2026-05-26 12:24:33,126 INFO o.a.j.r.c.ReportGeneratorConfiguration: Property 'jmeter.reportgenerator.start_date' not found, using default value 'null' instead.
2026-05-26 12:24:33,126 INFO o.a.j.r.c.ReportGeneratorConfiguration: Property 'jmeter.reportgenerator.end_date' not found, using default value 'null' instead.
2026-05-26 12:24:33,127 INFO o.a.j.r.c.ReportGeneratorConfiguration: Property 'jmeter.reportgenerator.date_format' not found, using default value 'null' instead.
2026-05-26 12:24:33,127 INFO o.a.j.r.c.ReportGeneratorConfiguration: Will use date range start date: null, end date: null
2026-05-26 12:24:33,135 INFO o.a.j.r.c.ReportGeneratorConfiguration: Property 'jmeter.reportgenerator.graph.totalTPS.exclude_controllers' not found, using default value 'false' instead.
2026-05-26 12:24:33,136 INFO o.a.j.r.c.ReportGeneratorConfiguration: Property 'jmeter.reportgenerator.graph.activeThreadsOverTime.exclude_controllers' not found, using default value 'false' instead.
2026-05-26 12:24:33,136 INFO o.a.j.r.c.ReportGeneratorConfiguration: Property 'jmeter.reportgenerator.graph.timeVsThreads.exclude_controllers' not found, using default value 'false' instead.
2026-05-26 12:24:33,136 INFO o.a.j.r.c.ReportGeneratorConfiguration: Property 'jmeter.reportgenerator.graph.responseTimeDistribution.exclude_controllers' not found, using default value 'false' instead.
2026-05-26 12:24:33,136 INFO o.a.j.r.c.ReportGeneratorConfiguration: Property 'jmeter.reportgenerator.graph.transactionsPerSecond.exclude_controllers' not found, using default value 'false' instead.
2026-05-26 12:24:33,136 INFO o.a.j.r.c.ReportGeneratorConfiguration: Property 'jmeter.reportgenerator.graph.responseTimePercentiles.exclude_controllers' not found, using default value 'false' instead.
2026-05-26 12:24:33,137 INFO o.a.j.r.c.ReportGeneratorConfiguration: Property 'jmeter.reportgenerator.graph.responseTimePercentilesOverTime.exclude_controllers' not found, using default value 'false' instead.
2026-05-26 12:24:33,137 INFO o.a.j.r.c.ReportGeneratorConfiguration: Property 'jmeter.reportgenerator.graph.responseTimesOverTime.exclude_controllers' not found, using default value 'false' instead.
2026-05-26 12:24:33,137 INFO o.a.j.r.c.ReportGeneratorConfiguration: Property 'jmeter.reportgenerator.graph.connectTimeOverTime.exclude_controllers' not found, using default value 'false' instead.
2026-05-26 12:24:33,137 INFO o.a.j.r.c.ReportGeneratorConfiguration: Property 'jmeter.reportgenerator.graph.latenciesOverTime.exclude_controllers' not found, using default value 'false' instead.
2026-05-26 12:24:33,139 INFO o.a.j.r.c.ReportGeneratorConfiguration: Property 'jmeter.reportgenerator.exporter.json.filters_only_sample_series' not found, using default value 'true' instead.
2026-05-26 12:24:33,139 INFO o.a.j.r.c.ReportGeneratorConfiguration: Property 'jmeter.reportgenerator.exporter.json.series_filter' not found, using default value '' instead.
2026-05-26 12:24:33,139 INFO o.a.j.r.c.ReportGeneratorConfiguration: Property 'jmeter.reportgenerator.exporter.json.show_controllers_only' not found, using default value 'false' instead.
2026-05-26 12:24:33,140 INFO o.a.j.r.c.ReportGeneratorConfiguration: Property 'jmeter.reportgenerator.exporter.html.filters_only_sample_series' not found, using default value 'true' instead.
2026-05-26 12:24:33,140 INFO o.a.j.r.c.ReportGeneratorConfiguration: Property 'jmeter.reportgenerator.exporter.html.series_filter' not found, using default value '' instead.
2026-05-26 12:24:33,140 INFO o.a.j.r.c.ReportGeneratorConfiguration: Property 'jmeter.reportgenerator.exporter.html.show_controllers_only' not found, using default value 'false' instead.
2026-05-26 12:24:33,161 INFO o.a.j.e.StandardJMeterEngine: Running the test!
2026-05-26 12:24:33,163 INFO o.a.j.s.SampleEvent: List of sample_variables: []
2026-05-26 12:24:33,163 INFO o.a.j.s.SampleEvent: List of sample_variables: []
2026-05-26 12:24:33,177 INFO o.a.j.e.u.CompoundVariable: Note: Function class names must contain the string: '.functions.'
2026-05-26 12:24:33,177 INFO o.a.j.e.u.CompoundVariable: Note: Function class names must not contain the string: '.gui.'
2026-05-26 12:24:33,343 INFO o.a.j.JMeter: Running test (1779778473343)
2026-05-26 12:24:33,379 INFO o.a.j.e.StandardJMeterEngine: Starting ThreadGroup: 1 : Thread Group
2026-05-26 12:24:33,380 INFO o.a.j.e.StandardJMeterEngine: Starting 10 threads for group Thread Group.
2026-05-26 12:24:33,380 INFO o.a.j.e.StandardJMeterEngine: Thread will continue on error
2026-05-26 12:24:33,380 INFO o.a.j.t.ThreadGroup: Starting thread group... number=1 threads=10 ramp-up=5 delayedStart=false
2026-05-26 12:24:33,392 INFO o.a.j.t.JMeterThread: Thread started: Thread Group 1-1
2026-05-26 12:24:33,397 INFO o.a.j.t.ThreadGroup: Started thread group number 1
2026-05-26 12:24:33,397 INFO o.a.j.e.StandardJMeterEngine: All thread groups have been started
2026-05-26 12:24:33,420 INFO o.a.j.p.h.s.HTTPHCAbstractImpl: Local host = DESKTOP-5VKIGDJ
2026-05-26 12:24:33,431 INFO o.a.j.p.h.s.HTTPHC4Impl: HTTP request retry count = 0
2026-05-26 12:24:33,433 INFO o.a.j.s.SampleResult: Note: Sample TimeStamps are START times
2026-05-26 12:24:33,434 INFO o.a.j.s.SampleResult: sampleresult.default.encoding is set to UTF-8
2026-05-26 12:24:33,434 INFO o.a.j.s.SampleResult: sampleresult.useNanoTime=true
2026-05-26 12:24:33,434 INFO o.a.j.s.SampleResult: sampleresult.nanoThreadSleep=5000
2026-05-26 12:24:33,886 INFO o.a.j.t.JMeterThread: Thread started: Thread Group 1-2
2026-05-26 12:24:34,366 INFO o.a.j.p.h.s.h.LazyLayeredConnectionSocketFactory: Setting up HTTPS TrustAll Socket Factory
2026-05-26 12:24:34,374 INFO o.a.j.u.JsseSSLManager: Using default SSL protocol: TLS
2026-05-26 12:24:34,375 INFO o.a.j.u.JsseSSLManager: SSL session context: per-thread
2026-05-26 12:24:34,385 INFO o.a.j.t.JMeterThread: Thread started: Thread Group 1-3
2026-05-26 12:24:34,635 INFO o.a.j.u.SSLManager: JmeterKeyStore Location:  type JKS
2026-05-26 12:24:34,641 INFO o.a.j.u.SSLManager: KeyStore created OK
2026-05-26 12:24:34,641 WARN o.a.j.u.SSLManager: Keystore file not found, loading empty keystore
2026-05-26 12:24:34,883 INFO o.a.j.t.JMeterThread: Thread started: Thread Group 1-4
2026-05-26 12:24:35,386 INFO o.a.j.t.JMeterThread: Thread started: Thread Group 1-5
2026-05-26 12:24:35,883 INFO o.a.j.t.JMeterThread: Thread started: Thread Group 1-6
2026-05-26 12:24:36,387 INFO o.a.j.t.JMeterThread: Thread started: Thread Group 1-7
2026-05-26 12:24:36,887 INFO o.a.j.t.JMeterThread: Thread started: Thread Group 1-8
2026-05-26 12:24:37,386 INFO o.a.j.t.JMeterThread: Thread started: Thread Group 1-9
2026-05-26 12:24:37,895 INFO o.a.j.t.JMeterThread: Thread started: Thread Group 1-10
2026-05-26 12:24:44,232 INFO o.a.j.t.JMeterThread: Thread is done: Thread Group 1-2
2026-05-26 12:24:44,232 INFO o.a.j.t.JMeterThread: Thread finished: Thread Group 1-2
2026-05-26 12:24:44,279 INFO o.a.j.t.JMeterThread: Thread is done: Thread Group 1-1
2026-05-26 12:24:44,279 INFO o.a.j.t.JMeterThread: Thread finished: Thread Group 1-1
2026-05-26 12:24:44,849 INFO o.a.j.t.JMeterThread: Thread is done: Thread Group 1-4
2026-05-26 12:24:44,850 INFO o.a.j.t.JMeterThread: Thread finished: Thread Group 1-4
2026-05-26 12:24:45,508 INFO o.a.j.t.JMeterThread: Thread is done: Thread Group 1-7
2026-05-26 12:24:45,508 INFO o.a.j.t.JMeterThread: Thread finished: Thread Group 1-7
2026-05-26 12:24:45,560 INFO o.a.j.t.JMeterThread: Thread is done: Thread Group 1-5
2026-05-26 12:24:45,560 INFO o.a.j.t.JMeterThread: Thread finished: Thread Group 1-5
2026-05-26 12:24:45,926 INFO o.a.j.t.JMeterThread: Thread is done: Thread Group 1-8
2026-05-26 12:24:45,927 INFO o.a.j.t.JMeterThread: Thread finished: Thread Group 1-8
2026-05-26 12:24:46,579 INFO o.a.j.t.JMeterThread: Thread is done: Thread Group 1-9
2026-05-26 12:24:46,579 INFO o.a.j.t.JMeterThread: Thread finished: Thread Group 1-9
2026-05-26 12:24:46,639 INFO o.a.j.t.JMeterThread: Thread is done: Thread Group 1-6
2026-05-26 12:24:46,639 INFO o.a.j.t.JMeterThread: Thread finished: Thread Group 1-6
2026-05-26 12:24:46,982 INFO o.a.j.t.JMeterThread: Thread is done: Thread Group 1-10
2026-05-26 12:24:46,982 INFO o.a.j.t.JMeterThread: Thread finished: Thread Group 1-10
2026-05-26 12:24:47,545 INFO o.a.j.t.JMeterThread: Thread is done: Thread Group 1-3
2026-05-26 12:24:47,545 INFO o.a.j.t.JMeterThread: Thread finished: Thread Group 1-3
2026-05-26 12:24:47,545 INFO o.a.j.e.StandardJMeterEngine: Notifying test listeners of end of test
2026-05-26 12:24:47,561 INFO o.a.j.r.Summariser: summary =     50 in 00:00:14 =    3.5/s Avg:  2027 Min:   965 Max:  5987 Err:     0 (0.00%)
2026-05-26 12:24:47,561 INFO o.a.j.JMeter: Generating Dashboard
2026-05-26 12:24:47,561 INFO o.a.j.r.d.ReportGenerator: Flushing result collector before report Generation
2026-05-26 12:24:47,660 INFO o.a.j.r.p.NormalizerSampleConsumer: Using format, 'ms', to parse timeStamp field
2026-05-26 12:24:47,842 INFO o.a.j.r.p.AbstractSampleConsumer: class org.apache.jmeter.report.processor.AggregateConsumer#stopProducing(): beginDate produced 0 samples
2026-05-26 12:24:47,842 INFO o.a.j.r.p.AbstractSampleConsumer: class org.apache.jmeter.report.processor.AggregateConsumer#stopProducing(): endDate produced 0 samples
2026-05-26 12:24:47,858 INFO o.a.j.r.p.AbstractSampleConsumer: class org.apache.jmeter.report.processor.ApdexSummaryConsumer#stopProducing(): apdexSummary produced 0 samples
2026-05-26 12:24:47,858 INFO o.a.j.r.p.AbstractSampleConsumer: class org.apache.jmeter.report.processor.RequestsSummaryConsumer#stopProducing(): requestsSummary produced 0 samples
2026-05-26 12:24:47,873 INFO o.a.j.r.p.AbstractSampleConsumer: class org.apache.jmeter.report.processor.StatisticsSummaryConsumer#stopProducing(): statisticsSummary produced 0 samples
2026-05-26 12:24:47,873 INFO o.a.j.r.p.AbstractSampleConsumer: class org.apache.jmeter.report.processor.Top5ErrorsBySamplerConsumer#stopProducing(): top5ErrorsBySampler produced 0 samples
2026-05-26 12:24:47,873 INFO o.a.j.r.p.AbstractSampleConsumer: class org.apache.jmeter.report.processor.ErrorsSummaryConsumer#stopProducing(): errorsSummary produced 0 samples
2026-05-26 12:24:47,873 INFO o.a.j.r.p.AbstractSampleConsumer: class org.apache.jmeter.report.processor.graph.impl.HitsPerSecondGraphConsumer#stopProducing(): hitsPerSecond produced 0 samples
2026-05-26 12:24:47,983 INFO o.a.j.r.p.AbstractSampleConsumer: class org.apache.jmeter.report.processor.graph.impl.LatencyVSRequestGraphConsumer#stopProducing(): latencyVsRequest produced 0 samples
2026-05-26 12:24:47,983 INFO o.a.j.r.p.AbstractSampleConsumer: class org.apache.jmeter.report.processor.graph.impl.SyntheticResponseTimeDistributionGraphConsumer#stopProducing(): syntheticResponseTimeDistribution produced 0 samples
2026-05-26 12:24:47,983 INFO o.a.j.r.p.AbstractSampleConsumer: class org.apache.jmeter.report.processor.graph.impl.BytesThroughputGraphConsumer#stopProducing(): bytesThroughputOverTime produced 0 samples
2026-05-26 12:24:47,983 INFO o.a.j.r.p.AbstractSampleConsumer: class org.apache.jmeter.report.processor.graph.impl.CodesPerSecondGraphConsumer#stopProducing(): codesPerSecond produced 0 samples
2026-05-26 12:24:48,077 INFO o.a.j.r.p.AbstractSampleConsumer: class org.apache.jmeter.report.processor.graph.impl.ResponseTimeVSRequestGraphConsumer#stopProducing(): responseTimeVsRequest produced 0 samples
2026-05-26 12:24:48,077 INFO o.a.j.r.p.AbstractSampleConsumer: class org.apache.jmeter.report.processor.FilterConsumer#stopProducing(): startIntervalControlerFilter produced 1400 samples
2026-05-26 12:24:48,077 INFO o.a.j.r.p.AbstractSampleConsumer: class org.apache.jmeter.report.processor.graph.impl.TotalTPSGraphConsumer#stopProducing(): totalTPS produced 0 samples
2026-05-26 12:24:48,077 INFO o.a.j.r.p.AbstractSampleConsumer: class org.apache.jmeter.report.processor.graph.impl.ActiveThreadsGraphConsumer#stopProducing(): activeThreadsOverTime produced 0 samples
2026-05-26 12:24:48,077 INFO o.a.j.r.p.AbstractSampleConsumer: class org.apache.jmeter.report.processor.graph.impl.TimeVSThreadGraphConsumer#stopProducing(): timeVsThreads produced 0 samples
2026-05-26 12:24:48,077 INFO o.a.j.r.p.AbstractSampleConsumer: class org.apache.jmeter.report.processor.graph.impl.ResponseTimeDistributionGraphConsumer#stopProducing(): responseTimeDistribution produced 0 samples
2026-05-26 12:24:48,077 INFO o.a.j.r.p.AbstractSampleConsumer: class org.apache.jmeter.report.processor.graph.impl.TransactionsPerSecondGraphConsumer#stopProducing(): transactionsPerSecond produced 0 samples
2026-05-26 12:24:48,077 INFO o.a.j.r.p.AbstractSampleConsumer: class org.apache.jmeter.report.processor.graph.impl.ResponseTimePercentilesGraphConsumer#stopProducing(): responseTimePercentiles produced 0 samples
2026-05-26 12:24:48,077 INFO o.a.j.r.p.AbstractSampleConsumer: class org.apache.jmeter.report.processor.graph.impl.ResponseTimePercentilesOverTimeGraphConsumer#stopProducing(): responseTimePercentilesOverTime produced 0 samples
2026-05-26 12:24:48,093 INFO o.a.j.r.p.AbstractSampleConsumer: class org.apache.jmeter.report.processor.graph.impl.ResponseTimeOverTimeGraphConsumer#stopProducing(): responseTimesOverTime produced 0 samples
2026-05-26 12:24:48,093 INFO o.a.j.r.p.AbstractSampleConsumer: class org.apache.jmeter.report.processor.graph.impl.ConnectTimeOverTimeGraphConsumer#stopProducing(): connectTimeOverTime produced 0 samples
2026-05-26 12:24:48,093 INFO o.a.j.r.p.AbstractSampleConsumer: class org.apache.jmeter.report.processor.graph.impl.LatencyOverTimeGraphConsumer#stopProducing(): latenciesOverTime produced 0 samples
2026-05-26 12:24:48,093 INFO o.a.j.r.p.AbstractSampleConsumer: class org.apache.jmeter.report.processor.FilterConsumer#stopProducing(): nameFilter produced 3000 samples
2026-05-26 12:24:48,093 INFO o.a.j.r.p.AbstractSampleConsumer: class org.apache.jmeter.report.processor.FilterConsumer#stopProducing(): dateRangeFilter produced 600 samples
2026-05-26 12:24:48,093 INFO o.a.j.r.p.AbstractSampleConsumer: class org.apache.jmeter.report.processor.NormalizerSampleConsumer#stopProducing(): normalizer produced 200 samples
2026-05-26 12:24:48,093 INFO o.a.j.r.p.CsvFileSampleSource: produce(): 200 samples produced in 399ms on channel 0
2026-05-26 12:24:48,093 INFO o.a.j.r.d.ReportGenerator: Exporting data using exporter:'json' of className:'org.apache.jmeter.report.dashboard.JsonExporter'
2026-05-26 12:24:48,264 INFO o.a.j.r.d.JsonExporter: Found data for consumer statisticsSummary in context
2026-05-26 12:24:48,264 INFO o.a.j.r.d.JsonExporter: Creating statistics for overall
2026-05-26 12:24:48,280 INFO o.a.j.r.d.JsonExporter: Creating statistics for other transactions
2026-05-26 12:24:48,280 INFO o.a.j.r.d.JsonExporter: Checking output folder
2026-05-26 12:24:48,280 INFO o.a.j.r.d.JsonExporter: Writing statistics JSON to G:\PROJECTS\Capstone_Project-AIVS\jmeter\html-report\statistics.json
2026-05-26 12:24:48,359 INFO o.a.j.r.d.ReportGenerator: Exporting data using exporter:'html' of className:'org.apache.jmeter.report.dashboard.HtmlTemplateExporter'
2026-05-26 12:24:48,375 INFO o.a.j.r.d.HtmlTemplateExporter: Will generate dashboard in folder: G:\PROJECTS\Capstone_Project-AIVS\jmeter\html-report
2026-05-26 12:24:48,676 INFO o.a.j.r.d.HtmlTemplateExporter: Report will be generated in: G:\PROJECTS\Capstone_Project-AIVS\jmeter\html-report, creating folder structure
2026-05-26 12:24:48,676 INFO o.a.j.r.d.TemplateVisitor: Copying folder from 'C:\Users\Dell\Downloads\apache-jmeter-5.6.3\bin\report-template' to 'G:\PROJECTS\Capstone_Project-AIVS\jmeter\html-report', got message: G:\PROJECTS\Capstone_Project-AIVS\jmeter\html-report, found non empty folder with following content [G:\PROJECTS\Capstone_Project-AIVS\jmeter\html-report\statistics.json], will be ignored
2026-05-26 12:24:49,322 INFO o.a.j.JMeter: Dashboard generated
